Используются параметры запуска из backend\CalHouse.Api\Properties\launchSettings.json...
Сборка…
C:\Users\pavuk\Documents\GitHub\CALHouse\backend\CalHouse.Api\CalHouse.Api.csproj : warning NU1900: Произошла ошибка при получении данных уязвимости пакета: Не удалось загрузить индекс служб для источника https://api.nuget.org/v3/index.json.
info: Microsoft.Hosting.Lifetime[14]
      Now listening on: http://localhost:5000
info: Microsoft.Hosting.Lifetime[0]
      Application started. Press Ctrl+C to shut down.
info: Microsoft.Hosting.Lifetime[0]
      Hosting environment: Development
info: Microsoft.Hosting.Lifetime[0]
      Content root path: C:\Users\pavuk\Documents\GitHub\CALHouse\backend\CalHouse.Api
info: Microsoft.AspNetCore.Hosting.Diagnostics[1]
      Request starting HTTP/1.1 GET http://localhost:5000/api/device-catalog/providers - - -
info: Microsoft.AspNetCore.Routing.EndpointMiddleware[0]
      Executing endpoint 'HTTP: GET /api/device-catalog/providers'
info: Microsoft.AspNetCore.Http.Result.OkObjectResult[1]
      Setting HTTP status code 200.
info: Microsoft.AspNetCore.Http.Result.OkObjectResult[3]
      Writing value of type '<>z__ReadOnlyArray`1' as Json.
info: Microsoft.AspNetCore.Routing.EndpointMiddleware[1]
      Executed endpoint 'HTTP: GET /api/device-catalog/providers'
info: Microsoft.AspNetCore.Hosting.Diagnostics[2]
      Request finished HTTP/1.1 GET http://localhost:5000/api/device-catalog/providers - 200 - application/json;+charset=utf-8 173.6142ms
